// Jest Snapshot v1, https://goo.gl/fbAQLP

exports[`should render ExpenceListItem correctly with data 1`] = `
<Link
  className="list-item"
  replace={false}
  to="/edit/2"
>
  <div>
    <h3
      className="list-item__title"
    >
      Rent
    </h3>
    <span
      className="list-item__subtitle"
    >
      30/12/1969
    </span>
  </div>
  <h3
    className="list-item__data"
  >
    $1.00
  </h3>
</Link>
`;
